17:19:04 **** Incremental Build of configuration Debug for project 007_5_hal_USART_bluetooth ****
make -j8 all 
arm-none-eabi-gcc "../Core/Src/main.c" -mcpu=cortex-m4 -std=gnu11 -g3 -DDEBUG -DUSE_HAL_DRIVER -DSTM32F407xx -c -I../Core/Inc -I../Drivers/STM32F4xx_HAL_Driver/Inc -I../Drivers/STM32F4xx_HAL_Driver/Inc/Legacy -I../Drivers/CMSIS/Device/ST/STM32F4xx/Include -I../Drivers/CMSIS/Include -O0 -ffunction-sections -fdata-sections -Wall -fstack-usage -MMD -MP -MF"Core/Src/main.d" -MT"Core/Src/main.o" --specs=nano.specs -mfpu=fpv4-sp-d16 -mfloat-abi=hard -mthumb -o "Core/Src/main.o"
arm-none-eabi-gcc -o "007_5_hal_USART_bluetooth.elf" @"objects.list"   -mcpu=cortex-m4 -T"C:\Users\VeliSacikara\Documents\STM32_Projeler\007_5_hal_USART_bluetooth\007_5_hal_USART_bluetooth\STM32F407VGTX_FLASH.ld" --specs=nosys.specs -Wl,-Map="007_5_hal_USART_bluetooth.map" -Wl,--gc-sections -static --specs=nano.specs -mfpu=fpv4-sp-d16 -mfloat-abi=hard -mthumb -Wl,--start-group -lc -lm -Wl,--end-group
Finished building target: 007_5_hal_USART_bluetooth.elf
 
arm-none-eabi-size   007_5_hal_USART_bluetooth.elf 
arm-none-eabi-objdump -h -S  007_5_hal_USART_bluetooth.elf  > "007_5_hal_USART_bluetooth.list"
   text	   data	    bss	    dec	    hex	filename
  11184	    120	   1760	  13064	   3308	007_5_hal_USART_bluetooth.elf
Finished building: default.size.stdout
 
Finished building: 007_5_hal_USART_bluetooth.list
 

17:19:05 Build Finished. 0 errors, 0 warnings. (took 1s.290ms)

